=========================================
EM-seq section 60_02: K119ub unmethylated
=========================================
Job ID: 53379034
Node: exp-2-13
Start time: Wed Aug 12 14:13:05 PDT 2026
=========================================

TMPDIR=/expanse/lustre/projects/csd940/zalibhai/emseq/.scratch/53379034
Code dir:          /expanse/lustre/projects/csd940/zalibhai/emseq-repo
Data dir:          /expanse/lustre/projects/csd940/zalibhai/emseq
Script:            /expanse/lustre/projects/csd940/zalibhai/emseq-repo/scripts/sections/60_mecp2/60_02_k119ub_unmethylated.R
Output dir:        /expanse/lustre/projects/csd940/zalibhai/emseq-repo/results/sections/60_mecp2
MeCP2 no-meth set: /expanse/lustre/projects/csd940/zalibhai/emseq-repo/results/sections/60_mecp2/mecp2_no_meth_genes.tsv

================================================================================
EM-seq mCH SECTION PIPELINE — SHARED CONFIG
================================================================================
Environment: expanse
Code dir:    /expanse/lustre/projects/csd940/zalibhai/emseq-repo
Data dir:    /expanse/lustre/projects/csd940/zalibhai/emseq
Results root: /expanse/lustre/projects/csd940/zalibhai/emseq-repo/results/sections 

Loading mCH differential results...
  21,097 genes tested, 5,557 significant (642 hyper, 4,915 hypo) at FDR<0.05

Loading DiffBind results...
  H2AK119ub: 41295 peaks (17078 gained, 6304 lost at FDR<0.05)
  MeCP2: 36804 peaks (5675 gained, 1107 lost at FDR<0.05)
  ATAC: dropping 209 peaks with NA coordinates
  ATAC: 75658 peaks (9262 gained, 4159 lost at FDR<0.05)
  H3K27ac: dropping 3 peaks with NA coordinates
  H3K27ac: 25666 peaks (5076 gained, 6706 lost at FDR<0.05)
  H3K27me3: dropping 3 peaks with NA coordinates
  H3K27me3: 18321 peaks (2293 gained, 4810 lost at FDR<0.05)

Loading consensus peak sets...
  K119ub consensus: 34088 peaks
  MeCP2 consensus: 36804 peaks

Shared config loaded.

Error in library(effsize) : there is no package called ‘effsize’
Execution halted

=========================================
Complete: section 60_02
Time: 15s
Exit code: 1
End time: Wed Aug 12 14:13:23 PDT 2026
=========================================
