=========================================
EM-seq section 20_04: mCH and MeCP2 by mark
=========================================
Job ID: 53392503
Node: exp-4-33
Start time: Thu Aug 13 10:25:41 PDT 2026
=========================================

TMPDIR=/expanse/lustre/projects/csd940/zalibhai/emseq/.scratch/53392503
Code dir:         /expanse/lustre/projects/csd940/zalibhai/emseq-repo
Data dir:         /expanse/lustre/projects/csd940/zalibhai/emseq
Script:           /expanse/lustre/projects/csd940/zalibhai/emseq-repo/scripts/sections/20_chip_integration/20_04_mch_mecp2_by_mark.R
Output dir:       /expanse/lustre/projects/csd940/zalibhai/emseq-repo/results/sections/20_chip_integration
Gene-level marks: /expanse/lustre/projects/csd940/zalibhai/emseq-repo/results/sections/20_chip_integration/gene_level_all_marks.tsv

================================================================================
EM-seq mCH SECTION PIPELINE — SHARED CONFIG
================================================================================
Environment: expanse
Code dir:    /expanse/lustre/projects/csd940/zalibhai/emseq-repo
Data dir:    /expanse/lustre/projects/csd940/zalibhai/emseq
Results root: /expanse/lustre/projects/csd940/zalibhai/emseq-repo/results/sections 

Loading mCH differential results...
  21,097 genes tested, 5,557 significant (642 hyper, 4,915 hypo) at FDR<0.05

Loading DiffBind results...
  H2AK119ub: 41295 peaks (17078 gained, 6304 lost at FDR<0.05)
  MeCP2: 36804 peaks (5675 gained, 1107 lost at FDR<0.05)
  ATAC: dropping 209 peaks with NA coordinates
  ATAC: 75658 peaks (9262 gained, 4159 lost at FDR<0.05)
  H3K27ac: dropping 3 peaks with NA coordinates
  H3K27ac: 25666 peaks (5076 gained, 6706 lost at FDR<0.05)
  H3K27me3: dropping 3 peaks with NA coordinates
  H3K27me3: 18321 peaks (2293 gained, 4810 lost at FDR<0.05)

Loading consensus peak sets...
  K119ub consensus: 34088 peaks
  MeCP2 consensus: 36804 peaks

Shared config loaded.

================================================================================
SECTION 20_04: mCH vs MeCP2 BY HISTONE MARK CONTEXT
================================================================================
Output dir:    /expanse/lustre/projects/csd940/zalibhai/emseq-repo/results/sections/20_chip_integration
FDR threshold: 0.05

--- Loading the gene-level master table from section 20_02 ---
  Gene-level master table: 21,097 genes (5,557 mCH significant)
  Deduplicated 21,097 rows to 21,072 gene names (25 rows dropped)

--- Classifying genes by promoter state and gene-body state ---

--- Aggregating MeCP2 peaks to genes (nearest TSS) ---
  MeCP2 peaks: 36,804 in, 36,804 kept (5,675 gained, 1,107 lost at FDR<0.05)
  Annotating MeCP2 peaks to genes...
'select()' returned 1:many mapping between keys and columns
  36,791 of 36,804 annotated MeCP2 peaks carry a gene symbol
  Genes with a MeCP2 fold change: 11,229

--- Building the analysis table ---
  Analysis table: 9,517 of 21,072 genes carry both mCH and MeCP2 data

--- Mark category group sizes ---
  K27ac only   6,555 genes (31.1% of universe), 4,269 with MeCP2 (65.1%)
  Bivalent     671 genes (3.2% of universe), 555 with MeCP2 (82.7%)
  K27me3 only  3,173 genes (15.1% of universe), 1,921 with MeCP2 (60.5%)
  Neither      10,673 genes (50.7% of universe), 2,772 with MeCP2 (26.0%)
  Wrote: 20_04_mark_category_sizes.tsv (4 rows, 11 cols)
  Wrote: 20_04_mark_category_vs_promoter_state.tsv (16 rows, 3 cols)
  Wrote: 20_04_mark_category_vs_body_state.tsv (20 rows, 3 cols)

--- Per-category Spearman correlations ---
  K27ac only   n = 4,269, rho = +0.168 [+0.137, +0.197], p = 3.08e-28
  Bivalent     n = 555, rho = +0.307 [+0.227, +0.383], p = 1.43e-13
  K27me3 only  n = 1,921, rho = +0.302 [+0.260, +0.344], p = 6.59e-42
  Neither      n = 2,772, rho = +0.173 [+0.136, +0.210], p = 4.32e-20

--- Comparing the correlations with the Fisher z transformation ---
  Heterogeneity of the four rho values: chi-squared = 34.78, df = 3, p = 1.36e-07
    K27ac only vs Bivalent       z = -3.18, p = 0.00148 (Holm 0.00592)
    K27ac only vs K27me3 only    z = -5.05, p = 4.33e-07 (Holm 2.6e-06)
    K27ac only vs Neither        z = -0.23, p = 0.818 (Holm 1)
    Bivalent vs K27me3 only      z = +0.10, p = 0.92 (Holm 1)
    Bivalent vs Neither          z = +2.96, p = 0.00304 (Holm 0.00911)
    K27me3 only vs Neither       z = +4.49, p = 7.19e-06 (Holm 3.6e-05)

--- Quadrant counts ---
  Quadrant composition across categories: chi-squared = 113.8, df = 9, p = 2.51e-20

--- Figure 20_04a: mCH change against MeCP2 fold change by mark category ---
  Shared axes: x -1.759 to 1.759, y -2.181 to 2.181
  Saved: 20_04a_scatter_k27ac_only/{pdf,svg,png,jpg}
  Saved: 20_04a_scatter_bivalent/{pdf,svg,png,jpg}
  Saved: 20_04a_scatter_k27me3_only/{pdf,svg,png,jpg}
  Saved: 20_04a_scatter_neither/{pdf,svg,png,jpg}
  Saved: 20_04a_mch_mecp2_by_mark/{pdf,svg,png,jpg}
  Wrote: 20_04a_scatter_statistics.tsv (4 rows, 12 cols)

--- Figure 20_04b: quadrant composition by mark category ---
  Saved: 20_04b_quadrant_composition/{pdf,svg,png,jpg}
  Wrote: 20_04b_quadrant_counts.tsv (16 rows, 9 cols)
  Wrote: 20_04b_quadrant_expected_counts.tsv (16 rows, 3 cols)

--- Figure 20_04c: correlation comparison across mark categories ---
  Saved: 20_04c_correlation_comparison/{pdf,svg,png,jpg}
  Wrote: 20_04c_correlation_by_category.tsv (4 rows, 13 cols)
  Wrote: 20_04c_correlation_pairwise_fisher_z.tsv (6 rows, 15 cols)
  Wrote: 20_04c_correlation_heterogeneity.tsv (1 rows, 9 cols)

--- Figure 20_04d: mCH change (mutant - control, percentage points) by mark category ---
  K27ac only   n = 4,269, median = 0.02372, mean = 0.08265
  Bivalent     n = 555, median = -0.00102, mean = -0.03194
  K27me3 only  n = 1,921, median = -0.04234, mean = -0.08671
  Neither      n = 2,772, median = -0.00028, mean = 0.01031
  Kruskal-Wallis chi-squared = 211.5, df = 3, p = 1.4e-45
  Saved: 20_04d_mch_diff_pct_by_mark/{pdf,svg,png,jpg}
  Wrote: 20_04d_mch_diff_pct_summary.tsv (4 rows, 8 cols)
  Wrote: 20_04d_mch_diff_pct_wilcoxon.tsv (6 rows, 11 cols)

--- Figure 20_04e: MeCP2 log2 fold change (mutant / control) by mark category ---
  K27ac only   n = 4,269, median = -0.03716, mean = 0.03276
  Bivalent     n = 555, median = -0.03819, mean = -0.00237
  K27me3 only  n = 1,921, median = -0.03715, mean = -0.03731
  Neither      n = 2,772, median = -0.03408, mean = 0.00752
  Kruskal-Wallis chi-squared = 5.6, df = 3, p = 0.133
  Saved: 20_04e_mecp2_fold_by_mark/{pdf,svg,png,jpg}
  Wrote: 20_04e_mecp2_fold_summary.tsv (4 rows, 8 cols)
  Wrote: 20_04e_mecp2_fold_wilcoxon.tsv (6 rows, 11 cols)

--- Registered Fisher tests: mCH gain against MeCP2 gain per category ---
  Wrote: 20_04_mch_gain_vs_mecp2_gain_k27ac_only_genes.tsv (4,269 rows, 4 cols)
  Wrote: 20_04_mch_gain_vs_mecp2_gain_k27ac_only.tsv (1 rows, 12 cols)
  Fisher 20_04:mch_gain_vs_mecp2_gain_k27ac_only: OR=1.680, p=2.79e-13 (n=4,269 genes) [registered]
  Wrote: 20_04_mch_gain_vs_mecp2_gain_bivalent_genes.tsv (555 rows, 4 cols)
  Wrote: 20_04_mch_gain_vs_mecp2_gain_bivalent.tsv (1 rows, 12 cols)
  Fisher 20_04:mch_gain_vs_mecp2_gain_bivalent: OR=2.883, p=3.72e-08 (n=555 genes) [registered]
  Wrote: 20_04_mch_gain_vs_mecp2_gain_k27me3_only_genes.tsv (1,921 rows, 4 cols)
  Wrote: 20_04_mch_gain_vs_mecp2_gain_k27me3_only.tsv (1 rows, 12 cols)
  Fisher 20_04:mch_gain_vs_mecp2_gain_k27me3_only: OR=2.537, p=2.89e-19 (n=1,921 genes) [registered]
  Wrote: 20_04_mch_gain_vs_mecp2_gain_neither_genes.tsv (2,772 rows, 4 cols)
  Wrote: 20_04_mch_gain_vs_mecp2_gain_neither.tsv (1 rows, 12 cols)
  Fisher 20_04:mch_gain_vs_mecp2_gain_neither: OR=1.798, p=9.18e-12 (n=2,772 genes) [registered]
  Wrote: 20_04_fisher_by_mark_category.tsv (4 rows, 11 cols)

  Wrote: 20_04_per_gene_mch_mecp2_mark.tsv (9,517 rows, 27 cols)

================================================================================
SECTION 20_04 SUMMARY
================================================================================
Genes with mCH and MeCP2 data:  9,517
Mark category sizes (genes with MeCP2 data):
  K27ac only   4,269 of 6,555 genes in the category
  Bivalent     555 of 671 genes in the category
  K27me3 only  1,921 of 3,173 genes in the category
  Neither      2,772 of 10,673 genes in the category
Spearman rho (mCH change against MeCP2 fold):
  K27ac only   rho = +0.168 [+0.137, +0.197], p = 3.08e-28 (n = 4,269)
  Bivalent     rho = +0.307 [+0.227, +0.383], p = 1.43e-13 (n = 555)
  K27me3 only  rho = +0.302 [+0.260, +0.344], p = 6.59e-42 (n = 1,921)
  Neither      rho = +0.173 [+0.136, +0.210], p = 4.32e-20 (n = 2,772)
Fisher z heterogeneity:         chi-squared = 34.78, df = 3, p = 1.36e-07
Quadrant composition chi-square: chi-squared = 113.8, df = 9, p = 2.51e-20
Registered Fisher tests (mCH gain against MeCP2 gain):
  K27ac only   OR = 1.680 [1.456, 1.939], p = 2.79e-13 (n = 4,269)
  Bivalent     OR = 2.883 [1.940, 4.320], p = 3.72e-08 (n = 555)
  K27me3 only  OR = 2.537 [2.056, 3.135], p = 2.89e-19 (n = 1,921)
  Neither      OR = 1.798 [1.513, 2.139], p = 9.18e-12 (n = 2,772)

Section 20_04 complete.


=========================================
Complete: section 20_04
Time: 61s
Exit code: 0
End time: Thu Aug 13 10:26:46 PDT 2026
=========================================
