=========================================
EM-seq: Combine CA_CHH + CA_CHG
=========================================
Job ID: 53105066_0
Node: exp-5-37
Start time: Sat Aug  8 19:02:43 PDT 2026
=========================================

TMPDIR=/expanse/lustre/projects/csd940/zalibhai/emseq/.scratch/53105066_0
Sample: ctrl_M1
CA_CHH: /expanse/lustre/projects/csd940/zalibhai/emseq/ca_filtered/260629_Emseq_LV_index_E1_Bap1_Math1_adult_ctrl_M1_S1_CA_CHH.methylKit.gz
CA_CHG: /expanse/lustre/projects/csd940/zalibhai/emseq/ca_filtered/260629_Emseq_LV_index_E1_Bap1_Math1_adult_ctrl_M1_S1_CA_CHG.methylKit.gz
Output: /expanse/lustre/projects/csd940/zalibhai/emseq/combined_ca/ctrl_M1_CA.methylKit.gz

CA_CHH lines: 261118743
CA_CHG lines: 103121483
Expected combined: 364240225
Actual combined: 364240225

=========================================
Complete: ctrl_M1
Time: 579s
End time: Sat Aug  8 19:12:22 PDT 2026
=========================================
