=========================================
EM-seq: Combine CA_CHH + CA_CHG
=========================================
Job ID: 53105066_6
Node: exp-3-41
Start time: Sat Aug  8 19:02:43 PDT 2026
=========================================

TMPDIR=/expanse/lustre/projects/csd940/zalibhai/emseq/.scratch/53105066_6
Sample: ctrl_F2
CA_CHH: /expanse/lustre/projects/csd940/zalibhai/emseq/ca_filtered/260629_Emseq_LV_index_C2_Bap1_Math1_adult_ctrl_F2_S7_CA_CHH.methylKit.gz
CA_CHG: /expanse/lustre/projects/csd940/zalibhai/emseq/ca_filtered/260629_Emseq_LV_index_C2_Bap1_Math1_adult_ctrl_F2_S7_CA_CHG.methylKit.gz
Output: /expanse/lustre/projects/csd940/zalibhai/emseq/combined_ca/ctrl_F2_CA.methylKit.gz

CA_CHH lines: 263215358
CA_CHG lines: 103208016
Expected combined: 366423373
Actual combined: 366423373

=========================================
Complete: ctrl_F2
Time: 637s
End time: Sat Aug  8 19:13:20 PDT 2026
=========================================
