=========================================
EM-seq: Combine CA_CHH + CA_CHG
=========================================
Job ID: 53105066_7
Node: exp-2-35
Start time: Sat Aug  8 19:02:43 PDT 2026
=========================================

TMPDIR=/expanse/lustre/projects/csd940/zalibhai/emseq/.scratch/53105066_7
Sample: mut_F2
CA_CHH: /expanse/lustre/projects/csd940/zalibhai/emseq/ca_filtered/260629_Emseq_LV_index_D2_Bap1_Math1_adult_mut_F2_S8_CA_CHH.methylKit.gz
CA_CHG: /expanse/lustre/projects/csd940/zalibhai/emseq/ca_filtered/260629_Emseq_LV_index_D2_Bap1_Math1_adult_mut_F2_S8_CA_CHG.methylKit.gz
Output: /expanse/lustre/projects/csd940/zalibhai/emseq/combined_ca/mut_F2_CA.methylKit.gz

CA_CHH lines: 262647394
CA_CHG lines: 103108529
Expected combined: 365755922
Actual combined: 365755922

=========================================
Complete: mut_F2
Time: 601s
End time: Sat Aug  8 19:12:44 PDT 2026
=========================================
