=========================================
EM-seq: Combine CA_CHH + CA_CHG
=========================================
Job ID: 53105066_3
Node: exp-4-36
Start time: Sat Aug  8 19:02:43 PDT 2026
=========================================

TMPDIR=/expanse/lustre/projects/csd940/zalibhai/emseq/.scratch/53105066_3
Sample: mut_F1
CA_CHH: /expanse/lustre/projects/csd940/zalibhai/emseq/ca_filtered/260629_Emseq_LV_index_H1_Bap1_Math1_adult_mut_F1_S4_CA_CHH.methylKit.gz
CA_CHG: /expanse/lustre/projects/csd940/zalibhai/emseq/ca_filtered/260629_Emseq_LV_index_H1_Bap1_Math1_adult_mut_F1_S4_CA_CHG.methylKit.gz
Output: /expanse/lustre/projects/csd940/zalibhai/emseq/combined_ca/mut_F1_CA.methylKit.gz

CA_CHH lines: 264638471
CA_CHG lines: 103598111
Expected combined: 368236581
Actual combined: 368236581

=========================================
Complete: mut_F1
Time: 827s
End time: Sat Aug  8 19:16:30 PDT 2026
=========================================
