=========================================
EM-seq: Combine CA_CHH + CA_CHG
=========================================
Job ID: 53105066_1
Node: exp-3-13
Start time: Sat Aug  8 19:02:43 PDT 2026
=========================================

TMPDIR=/expanse/lustre/projects/csd940/zalibhai/emseq/.scratch/53105066_1
Sample: mut_M1
CA_CHH: /expanse/lustre/projects/csd940/zalibhai/emseq/ca_filtered/260629_Emseq_LV_index_F1_Bap1_Math1_adult_mut_M1_S2_CA_CHH.methylKit.gz
CA_CHG: /expanse/lustre/projects/csd940/zalibhai/emseq/ca_filtered/260629_Emseq_LV_index_F1_Bap1_Math1_adult_mut_M1_S2_CA_CHG.methylKit.gz
Output: /expanse/lustre/projects/csd940/zalibhai/emseq/combined_ca/mut_M1_CA.methylKit.gz

CA_CHH lines: 263712456
CA_CHG lines: 103640543
Expected combined: 367352998
Actual combined: 367352998

=========================================
Complete: mut_M1
Time: 653s
End time: Sat Aug  8 19:13:36 PDT 2026
=========================================
