=========================================
EM-seq section 80_02: K119ub stratification
=========================================
Job ID: 53392506
Node: exp-1-33
Start time: Thu Aug 13 10:25:41 PDT 2026
=========================================

TMPDIR=/expanse/lustre/projects/csd940/zalibhai/emseq/.scratch/53392506
Code dir:   /expanse/lustre/projects/csd940/zalibhai/emseq-repo
Data dir:   /expanse/lustre/projects/csd940/zalibhai/emseq
Script:     /expanse/lustre/projects/csd940/zalibhai/emseq-repo/scripts/sections/80_cross_modality/80_02_k119ub_stratification.R
Output dir: /expanse/lustre/projects/csd940/zalibhai/emseq-repo/results/sections/80_cross_modality

================================================================================
EM-seq mCH SECTION PIPELINE — SHARED CONFIG
================================================================================
Environment: expanse
Code dir:    /expanse/lustre/projects/csd940/zalibhai/emseq-repo
Data dir:    /expanse/lustre/projects/csd940/zalibhai/emseq
Results root: /expanse/lustre/projects/csd940/zalibhai/emseq-repo/results/sections 

Loading mCH differential results...
  21,097 genes tested, 5,557 significant (642 hyper, 4,915 hypo) at FDR<0.05

Loading DiffBind results...
  H2AK119ub: 41295 peaks (17078 gained, 6304 lost at FDR<0.05)
  MeCP2: 36804 peaks (5675 gained, 1107 lost at FDR<0.05)
  ATAC: dropping 209 peaks with NA coordinates
  ATAC: 75658 peaks (9262 gained, 4159 lost at FDR<0.05)
  H3K27ac: dropping 3 peaks with NA coordinates
  H3K27ac: 25666 peaks (5076 gained, 6706 lost at FDR<0.05)
  H3K27me3: dropping 3 peaks with NA coordinates
  H3K27me3: 18321 peaks (2293 gained, 4810 lost at FDR<0.05)

Loading consensus peak sets...
  K119ub consensus: 34088 peaks
  MeCP2 consensus: 36804 peaks

Shared config loaded.

=== Section 80_02: K119ub stratification and quadrant reorientation ===

STEP 1: Axis-swapped quadrant scatter
Error in load_k119ub_gene_signal(k119ub_signal_path) : 
  file.exists(filepath) is not TRUE
Calls: main -> load_k119ub_gene_signal -> stopifnot
Execution halted

=========================================
Complete: section 80_02
Time: 16s
Exit code: 1
End time: Thu Aug 13 10:26:00 PDT 2026
=========================================
