=========================================
EM-seq: Gene-body mCA aggregation
=========================================
Job ID: 53105067_2
Node: exp-3-41
Start time: Sat Aug  8 19:17:31 PDT 2026
=========================================

TMPDIR=/expanse/lustre/projects/csd940/zalibhai/emseq/.scratch/53105067_2
Sample:   ctrl_F1
CA file:  /expanse/lustre/projects/csd940/zalibhai/emseq/combined_ca/ctrl_F1_CA.methylKit.gz
Gene BED: /expanse/lustre/projects/csd940/zalibhai/emseq/references/gene_bodies.protein_coding.bed
Out dir:  /expanse/lustre/projects/csd940/zalibhai/emseq/results/ca_genebody/aggregated

Sample: ctrl_F1 
data.table threads: 16 

Gene bodies loaded: 21846 genes

Reading: /expanse/lustre/projects/csd940/zalibhai/emseq/combined_ca/ctrl_F1_CA.methylKit.gz 
  Total sites: 366,723,250

Lambda spike-in:
  Lambda CH rate: 0.0079 (0.79%)
  Lambda sites: 7008, total coverage: 194674
  Saved: /expanse/lustre/projects/csd940/zalibhai/emseq/results/ca_genebody/aggregated/ctrl_F1_lambda.tsv 

Canonical chr sites: 366,416,432
Building GRanges...
Finding overlaps...
  Overlapping pairs: 158,215,678
Aggregating per gene...

Wrote 21846 genes to: /expanse/lustre/projects/csd940/zalibhai/emseq/results/ca_genebody/aggregated/ctrl_F1_genebody_mch.tsv 

--- Summary ---
Genes with CH sites: 21519 / 21846 
Median CH sites/gene: 2649 
Median total coverage/gene: 48291 
Gene-body mCH rate: 0.0263 (2.63%)
Lambda CH rate: 0.0079 (0.79%)

=========================================
Complete: ctrl_F1
Time: 180s
Exit code: 0
End time: Sat Aug  8 19:20:34 PDT 2026
=========================================
