=========================================
EM-seq: Gene-body mCA aggregation
=========================================
Job ID: 53105067_0
Node: exp-5-37
Start time: Sat Aug  8 19:17:31 PDT 2026
=========================================

TMPDIR=/expanse/lustre/projects/csd940/zalibhai/emseq/.scratch/53105067_0
Sample:   ctrl_M1
CA file:  /expanse/lustre/projects/csd940/zalibhai/emseq/combined_ca/ctrl_M1_CA.methylKit.gz
Gene BED: /expanse/lustre/projects/csd940/zalibhai/emseq/references/gene_bodies.protein_coding.bed
Out dir:  /expanse/lustre/projects/csd940/zalibhai/emseq/results/ca_genebody/aggregated

Sample: ctrl_M1 
data.table threads: 16 

Gene bodies loaded: 21846 genes

Reading: /expanse/lustre/projects/csd940/zalibhai/emseq/combined_ca/ctrl_M1_CA.methylKit.gz 
  Total sites: 364,240,224

Lambda spike-in:
  Lambda CH rate: 0.0106 (1.06%)
  Lambda sites: 7008, total coverage: 205893
  Saved: /expanse/lustre/projects/csd940/zalibhai/emseq/results/ca_genebody/aggregated/ctrl_M1_lambda.tsv 

Canonical chr sites: 363,954,032
Building GRanges...
Finding overlaps...
  Overlapping pairs: 157,021,634
Aggregating per gene...

Wrote 21846 genes to: /expanse/lustre/projects/csd940/zalibhai/emseq/results/ca_genebody/aggregated/ctrl_M1_genebody_mch.tsv 

--- Summary ---
Genes with CH sites: 21620 / 21846 
Median CH sites/gene: 2603.5 
Median total coverage/gene: 33717.5 
Gene-body mCH rate: 0.0295 (2.95%)
Lambda CH rate: 0.0106 (1.06%)

=========================================
Complete: ctrl_M1
Time: 197s
Exit code: 0
End time: Sat Aug  8 19:20:50 PDT 2026
=========================================
