=========================================
EM-seq: CA-context filtering
=========================================
Job ID: 53105065_6
Node: exp-2-04
Start time: Sat Aug  8 17:52:55 PDT 2026
=========================================

TMPDIR=/expanse/lustre/projects/csd940/zalibhai/emseq/.scratch/53105065_6
Input dir:  /expanse/lustre/projects/csd940/zalibhai/emseq/em-seq_output/methylDackelExtracts
Output dir: /expanse/lustre/projects/csd940/zalibhai/emseq/ca_filtered
Reference:  /expanse/lustre/projects/csd940/zalibhai/refs/mm10+controls.fa
File index: 6


Processing 260629_Emseq_LV_index_D2_Bap1_Math1_adult_mut_F2_S8_CHG.methylKit.gz ...
      10,000,000 lines processed,  4,786,970 CA sites (47.9%)
      20,000,000 lines processed,  9,546,064 CA sites (47.7%)
      30,000,000 lines processed, 14,286,651 CA sites (47.6%)
      40,000,000 lines processed, 18,997,678 CA sites (47.5%)
      50,000,000 lines processed, 23,761,463 CA sites (47.5%)
      60,000,000 lines processed, 28,516,012 CA sites (47.5%)
      70,000,000 lines processed, 33,288,428 CA sites (47.6%)
      80,000,000 lines processed, 38,028,381 CA sites (47.5%)
      90,000,000 lines processed, 42,771,469 CA sites (47.5%)
     100,000,000 lines processed, 47,521,128 CA sites (47.5%)
     110,000,000 lines processed, 52,267,153 CA sites (47.5%)
     120,000,000 lines processed, 57,013,437 CA sites (47.5%)
     130,000,000 lines processed, 61,786,669 CA sites (47.5%)
     140,000,000 lines processed, 66,566,118 CA sites (47.5%)
     150,000,000 lines processed, 71,291,346 CA sites (47.5%)
     160,000,000 lines processed, 76,010,379 CA sites (47.5%)
     170,000,000 lines processed, 80,779,829 CA sites (47.5%)
     180,000,000 lines processed, 85,531,349 CA sites (47.5%)
     190,000,000 lines processed, 90,285,456 CA sites (47.5%)
     200,000,000 lines processed, 95,020,854 CA sites (47.5%)
     210,000,000 lines processed, 99,789,851 CA sites (47.5%)
  Total sites: 216,887,922, CA sites: 103,108,528 (47.5%)
  Stats written to /expanse/lustre/projects/csd940/zalibhai/emseq/ca_filtered/260629_Emseq_LV_index_D2_Bap1_Math1_adult_mut_F2_S8_CHG.methylKit.gz.ca_stats.json

Done.

=========================================
Complete
Time: 1319s
Exit code: 0
End time: Sat Aug  8 18:14:56 PDT 2026
=========================================
