=========================================
EM-seq: CA-context filtering
=========================================
Job ID: 53105065_1
Node: exp-4-01
Start time: Sat Aug  8 17:52:55 PDT 2026
=========================================

TMPDIR=/expanse/lustre/projects/csd940/zalibhai/emseq/.scratch/53105065_1
Input dir:  /expanse/lustre/projects/csd940/zalibhai/emseq/em-seq_output/methylDackelExtracts
Output dir: /expanse/lustre/projects/csd940/zalibhai/emseq/ca_filtered
Reference:  /expanse/lustre/projects/csd940/zalibhai/refs/mm10+controls.fa
File index: 1


Processing 260629_Emseq_LV_index_A2_Bap1_Math1_adult_ctrl_M2_S5_CHH.methylKit.gz ...
      10,000,000 lines processed,  3,531,958 CA sites (35.3%)
      20,000,000 lines processed,  7,052,647 CA sites (35.3%)
      30,000,000 lines processed, 10,467,796 CA sites (34.9%)
      40,000,000 lines processed, 13,933,788 CA sites (34.8%)
      50,000,000 lines processed, 17,427,575 CA sites (34.9%)
      60,000,000 lines processed, 20,822,752 CA sites (34.7%)
      70,000,000 lines processed, 24,334,741 CA sites (34.8%)
      80,000,000 lines processed, 27,781,513 CA sites (34.7%)
      90,000,000 lines processed, 31,221,233 CA sites (34.7%)
     100,000,000 lines processed, 34,654,917 CA sites (34.7%)
     110,000,000 lines processed, 38,117,587 CA sites (34.7%)
     120,000,000 lines processed, 41,336,104 CA sites (34.4%)
     130,000,000 lines processed, 44,574,061 CA sites (34.3%)
     140,000,000 lines processed, 47,846,213 CA sites (34.2%)
     150,000,000 lines processed, 51,391,383 CA sites (34.3%)
     160,000,000 lines processed, 54,821,578 CA sites (34.3%)
     170,000,000 lines processed, 58,217,903 CA sites (34.2%)
     180,000,000 lines processed, 61,693,581 CA sites (34.3%)
     190,000,000 lines processed, 65,054,270 CA sites (34.2%)
     200,000,000 lines processed, 68,560,949 CA sites (34.3%)
     210,000,000 lines processed, 72,008,777 CA sites (34.3%)
     220,000,000 lines processed, 75,396,467 CA sites (34.3%)
     230,000,000 lines processed, 78,898,646 CA sites (34.3%)
     240,000,000 lines processed, 82,493,750 CA sites (34.4%)
     250,000,000 lines processed, 86,056,094 CA sites (34.4%)
     260,000,000 lines processed, 89,536,711 CA sites (34.4%)
     270,000,000 lines processed, 92,726,572 CA sites (34.3%)
     280,000,000 lines processed, 96,070,404 CA sites (34.3%)
     290,000,000 lines processed, 99,695,078 CA sites (34.4%)
     300,000,000 lines processed, 103,211,756 CA sites (34.4%)
     310,000,000 lines processed, 106,530,536 CA sites (34.4%)
     320,000,000 lines processed, 109,943,128 CA sites (34.4%)
     330,000,000 lines processed, 113,410,454 CA sites (34.4%)
     340,000,000 lines processed, 116,894,324 CA sites (34.4%)
     350,000,000 lines processed, 120,304,285 CA sites (34.4%)
     360,000,000 lines processed, 123,706,100 CA sites (34.4%)
     370,000,000 lines processed, 127,082,713 CA sites (34.3%)
     380,000,000 lines processed, 130,417,645 CA sites (34.3%)
     390,000,000 lines processed, 133,981,002 CA sites (34.4%)
     400,000,000 lines processed, 137,474,494 CA sites (34.4%)
     410,000,000 lines processed, 140,903,980 CA sites (34.4%)
     420,000,000 lines processed, 144,200,284 CA sites (34.3%)
     430,000,000 lines processed, 147,668,848 CA sites (34.3%)
     440,000,000 lines processed, 151,205,665 CA sites (34.4%)
     450,000,000 lines processed, 154,703,438 CA sites (34.4%)
     460,000,000 lines processed, 158,136,074 CA sites (34.4%)
     470,000,000 lines processed, 161,684,055 CA sites (34.4%)
     480,000,000 lines processed, 165,245,409 CA sites (34.4%)
     490,000,000 lines processed, 168,670,774 CA sites (34.4%)
     500,000,000 lines processed, 172,182,691 CA sites (34.4%)
     510,000,000 lines processed, 175,359,456 CA sites (34.4%)
     520,000,000 lines processed, 178,713,660 CA sites (34.4%)
     530,000,000 lines processed, 182,111,570 CA sites (34.4%)
     540,000,000 lines processed, 185,682,156 CA sites (34.4%)
     550,000,000 lines processed, 189,037,705 CA sites (34.4%)
     560,000,000 lines processed, 192,262,882 CA sites (34.3%)
     570,000,000 lines processed, 195,793,411 CA sites (34.3%)
     580,000,000 lines processed, 199,277,699 CA sites (34.4%)
     590,000,000 lines processed, 202,682,671 CA sites (34.4%)
     600,000,000 lines processed, 206,077,374 CA sites (34.3%)
     610,000,000 lines processed, 209,469,637 CA sites (34.3%)
     620,000,000 lines processed, 212,809,620 CA sites (34.3%)
     630,000,000 lines processed, 216,263,417 CA sites (34.3%)
     640,000,000 lines processed, 219,623,789 CA sites (34.3%)
     650,000,000 lines processed, 222,901,646 CA sites (34.3%)
     660,000,000 lines processed, 226,381,921 CA sites (34.3%)
     670,000,000 lines processed, 229,904,534 CA sites (34.3%)
     680,000,000 lines processed, 233,249,955 CA sites (34.3%)
     690,000,000 lines processed, 236,640,885 CA sites (34.3%)
     700,000,000 lines processed, 239,987,410 CA sites (34.3%)
     710,000,000 lines processed, 243,350,420 CA sites (34.3%)
     720,000,000 lines processed, 246,729,223 CA sites (34.3%)
     730,000,000 lines processed, 250,167,214 CA sites (34.3%)
     740,000,000 lines processed, 253,710,574 CA sites (34.3%)
     750,000,000 lines processed, 257,250,502 CA sites (34.3%)
     760,000,000 lines processed, 260,834,804 CA sites (34.3%)
     770,000,000 lines processed, 264,436,286 CA sites (34.3%)
  Total sites: 770,456,639, CA sites: 264,608,595 (34.3%)
  Stats written to /expanse/lustre/projects/csd940/zalibhai/emseq/ca_filtered/260629_Emseq_LV_index_A2_Bap1_Math1_adult_ctrl_M2_S5_CHH.methylKit.gz.ca_stats.json

Done.

=========================================
Complete
Time: 4141s
Exit code: 0
End time: Sat Aug  8 19:01:58 PDT 2026
=========================================
