=========================================
EM-seq: CA-context filtering
=========================================
Job ID: 53105065_0
Node: exp-5-37
Start time: Sat Aug  8 17:52:55 PDT 2026
=========================================

TMPDIR=/expanse/lustre/projects/csd940/zalibhai/emseq/.scratch/53105065_0
Input dir:  /expanse/lustre/projects/csd940/zalibhai/emseq/em-seq_output/methylDackelExtracts
Output dir: /expanse/lustre/projects/csd940/zalibhai/emseq/ca_filtered
Reference:  /expanse/lustre/projects/csd940/zalibhai/refs/mm10+controls.fa
File index: 0


Processing 260629_Emseq_LV_index_A2_Bap1_Math1_adult_ctrl_M2_S5_CHG.methylKit.gz ...
      10,000,000 lines processed,  4,786,463 CA sites (47.9%)
      20,000,000 lines processed,  9,545,502 CA sites (47.7%)
      30,000,000 lines processed, 14,286,490 CA sites (47.6%)
      40,000,000 lines processed, 18,996,857 CA sites (47.5%)
      50,000,000 lines processed, 23,760,741 CA sites (47.5%)
      60,000,000 lines processed, 28,515,722 CA sites (47.5%)
      70,000,000 lines processed, 33,287,019 CA sites (47.6%)
      80,000,000 lines processed, 38,027,046 CA sites (47.5%)
      90,000,000 lines processed, 42,770,290 CA sites (47.5%)
     100,000,000 lines processed, 47,522,426 CA sites (47.5%)
     110,000,000 lines processed, 52,265,129 CA sites (47.5%)
     120,000,000 lines processed, 57,010,812 CA sites (47.5%)
     130,000,000 lines processed, 61,785,702 CA sites (47.5%)
     140,000,000 lines processed, 66,562,091 CA sites (47.5%)
     150,000,000 lines processed, 71,287,329 CA sites (47.5%)
     160,000,000 lines processed, 76,007,135 CA sites (47.5%)
     170,000,000 lines processed, 80,776,671 CA sites (47.5%)
     180,000,000 lines processed, 85,528,741 CA sites (47.5%)
     190,000,000 lines processed, 90,284,439 CA sites (47.5%)
     200,000,000 lines processed, 95,020,780 CA sites (47.5%)
     210,000,000 lines processed, 99,791,213 CA sites (47.5%)
  Total sites: 218,338,133, CA sites: 103,832,347 (47.6%)
  Stats written to /expanse/lustre/projects/csd940/zalibhai/emseq/ca_filtered/260629_Emseq_LV_index_A2_Bap1_Math1_adult_ctrl_M2_S5_CHG.methylKit.gz.ca_stats.json

Done.

=========================================
Complete
Time: 1165s
Exit code: 0
End time: Sat Aug  8 18:12:22 PDT 2026
=========================================
