=========================================
EM-seq: CA-context filtering
=========================================
Job ID: 53105065_5
Node: exp-12-10
Start time: Sat Aug  8 17:52:55 PDT 2026
=========================================

TMPDIR=/expanse/lustre/projects/csd940/zalibhai/emseq/.scratch/53105065_5
Input dir:  /expanse/lustre/projects/csd940/zalibhai/emseq/em-seq_output/methylDackelExtracts
Output dir: /expanse/lustre/projects/csd940/zalibhai/emseq/ca_filtered
Reference:  /expanse/lustre/projects/csd940/zalibhai/refs/mm10+controls.fa
File index: 5


Processing 260629_Emseq_LV_index_C2_Bap1_Math1_adult_ctrl_F2_S7_CHH.methylKit.gz ...
      10,000,000 lines processed,  3,532,399 CA sites (35.3%)
      20,000,000 lines processed,  7,053,893 CA sites (35.3%)
      30,000,000 lines processed, 10,471,096 CA sites (34.9%)
      40,000,000 lines processed, 13,937,150 CA sites (34.8%)
      50,000,000 lines processed, 17,432,088 CA sites (34.9%)
      60,000,000 lines processed, 20,828,669 CA sites (34.7%)
      70,000,000 lines processed, 24,342,948 CA sites (34.8%)
      80,000,000 lines processed, 27,791,835 CA sites (34.7%)
      90,000,000 lines processed, 31,233,051 CA sites (34.7%)
     100,000,000 lines processed, 34,667,849 CA sites (34.7%)
     110,000,000 lines processed, 38,132,124 CA sites (34.7%)
     120,000,000 lines processed, 41,353,396 CA sites (34.5%)
     130,000,000 lines processed, 44,593,385 CA sites (34.3%)
     140,000,000 lines processed, 47,865,680 CA sites (34.2%)
     150,000,000 lines processed, 51,410,888 CA sites (34.3%)
     160,000,000 lines processed, 54,841,985 CA sites (34.3%)
     170,000,000 lines processed, 58,240,691 CA sites (34.3%)
     180,000,000 lines processed, 61,718,719 CA sites (34.3%)
     190,000,000 lines processed, 65,080,657 CA sites (34.3%)
     200,000,000 lines processed, 68,587,490 CA sites (34.3%)
     210,000,000 lines processed, 72,037,045 CA sites (34.3%)
     220,000,000 lines processed, 75,425,540 CA sites (34.3%)
     230,000,000 lines processed, 78,928,200 CA sites (34.3%)
     240,000,000 lines processed, 82,524,541 CA sites (34.4%)
     250,000,000 lines processed, 86,087,274 CA sites (34.4%)
     260,000,000 lines processed, 89,569,601 CA sites (34.4%)
     270,000,000 lines processed, 92,760,258 CA sites (34.4%)
     280,000,000 lines processed, 96,105,181 CA sites (34.3%)
     290,000,000 lines processed, 99,729,180 CA sites (34.4%)
     300,000,000 lines processed, 103,248,852 CA sites (34.4%)
     310,000,000 lines processed, 106,568,724 CA sites (34.4%)
     320,000,000 lines processed, 109,980,934 CA sites (34.4%)
     330,000,000 lines processed, 113,449,657 CA sites (34.4%)
     340,000,000 lines processed, 116,933,952 CA sites (34.4%)
     350,000,000 lines processed, 120,345,714 CA sites (34.4%)
     360,000,000 lines processed, 123,749,396 CA sites (34.4%)
     370,000,000 lines processed, 127,127,478 CA sites (34.4%)
     380,000,000 lines processed, 130,465,938 CA sites (34.3%)
     390,000,000 lines processed, 134,026,863 CA sites (34.4%)
     400,000,000 lines processed, 137,523,073 CA sites (34.4%)
     410,000,000 lines processed, 140,951,988 CA sites (34.4%)
     420,000,000 lines processed, 144,251,647 CA sites (34.3%)
     430,000,000 lines processed, 147,714,654 CA sites (34.4%)
     440,000,000 lines processed, 151,255,839 CA sites (34.4%)
     450,000,000 lines processed, 154,754,839 CA sites (34.4%)
     460,000,000 lines processed, 158,187,071 CA sites (34.4%)
     470,000,000 lines processed, 161,739,125 CA sites (34.4%)
     480,000,000 lines processed, 165,297,859 CA sites (34.4%)
     490,000,000 lines processed, 168,724,712 CA sites (34.4%)
     500,000,000 lines processed, 172,243,474 CA sites (34.4%)
     510,000,000 lines processed, 175,419,766 CA sites (34.4%)
     520,000,000 lines processed, 178,770,352 CA sites (34.4%)
     530,000,000 lines processed, 182,171,259 CA sites (34.4%)
     540,000,000 lines processed, 185,741,043 CA sites (34.4%)
     550,000,000 lines processed, 189,102,741 CA sites (34.4%)
     560,000,000 lines processed, 192,325,275 CA sites (34.3%)
     570,000,000 lines processed, 195,855,271 CA sites (34.4%)
     580,000,000 lines processed, 199,342,659 CA sites (34.4%)
     590,000,000 lines processed, 202,748,287 CA sites (34.4%)
     600,000,000 lines processed, 206,146,044 CA sites (34.4%)
     610,000,000 lines processed, 209,537,939 CA sites (34.4%)
     620,000,000 lines processed, 212,877,918 CA sites (34.3%)
     630,000,000 lines processed, 216,333,521 CA sites (34.3%)
     640,000,000 lines processed, 219,697,491 CA sites (34.3%)
     650,000,000 lines processed, 222,972,868 CA sites (34.3%)
     660,000,000 lines processed, 226,453,271 CA sites (34.3%)
     670,000,000 lines processed, 229,978,681 CA sites (34.3%)
     680,000,000 lines processed, 233,327,148 CA sites (34.3%)
     690,000,000 lines processed, 236,723,451 CA sites (34.3%)
     700,000,000 lines processed, 240,066,487 CA sites (34.3%)
     710,000,000 lines processed, 243,429,037 CA sites (34.3%)
     720,000,000 lines processed, 246,810,723 CA sites (34.3%)
     730,000,000 lines processed, 250,233,705 CA sites (34.3%)
     740,000,000 lines processed, 253,765,918 CA sites (34.3%)
     750,000,000 lines processed, 257,273,935 CA sites (34.3%)
     760,000,000 lines processed, 260,852,326 CA sites (34.3%)
  Total sites: 766,717,620, CA sites: 263,215,357 (34.3%)
  Stats written to /expanse/lustre/projects/csd940/zalibhai/emseq/ca_filtered/260629_Emseq_LV_index_C2_Bap1_Math1_adult_ctrl_F2_S7_CHH.methylKit.gz.ca_stats.json

Done.

=========================================
Complete
Time: 3970s
Exit code: 0
End time: Sat Aug  8 18:59:07 PDT 2026
=========================================
