=========================================
EM-seq section 10_03: Polycomb enrichment
=========================================
Job ID: 53379029
Node: exp-12-08
Start time: Wed Aug 12 14:13:06 PDT 2026
=========================================

TMPDIR=/expanse/lustre/projects/csd940/zalibhai/emseq/.scratch/53379029
Code dir:        /expanse/lustre/projects/csd940/zalibhai/emseq-repo
Data dir:        /expanse/lustre/projects/csd940/zalibhai/emseq
Script:          /expanse/lustre/projects/csd940/zalibhai/emseq-repo/scripts/sections/10_chromatin/10_03_polycomb_enrichment.R
Output dir:      /expanse/lustre/projects/csd940/zalibhai/emseq-repo/results/sections/10_chromatin
Chromatin state: /expanse/lustre/projects/csd940/zalibhai/emseq-repo/results/sections/10_chromatin/gene_chromatin_state.tsv

================================================================================
EM-seq mCH SECTION PIPELINE — SHARED CONFIG
================================================================================
Environment: expanse
Code dir:    /expanse/lustre/projects/csd940/zalibhai/emseq-repo
Data dir:    /expanse/lustre/projects/csd940/zalibhai/emseq
Results root: /expanse/lustre/projects/csd940/zalibhai/emseq-repo/results/sections 

Loading mCH differential results...
  21,097 genes tested, 5,557 significant (642 hyper, 4,915 hypo) at FDR<0.05

Loading DiffBind results...
  H2AK119ub: 41295 peaks (17078 gained, 6304 lost at FDR<0.05)
  MeCP2: 36804 peaks (5675 gained, 1107 lost at FDR<0.05)
  ATAC: dropping 209 peaks with NA coordinates
  ATAC: 75658 peaks (9262 gained, 4159 lost at FDR<0.05)
  H3K27ac: dropping 3 peaks with NA coordinates
  H3K27ac: 25666 peaks (5076 gained, 6706 lost at FDR<0.05)
  H3K27me3: dropping 3 peaks with NA coordinates
  H3K27me3: 18321 peaks (2293 gained, 4810 lost at FDR<0.05)

Loading consensus peak sets...
  K119ub consensus: 34088 peaks
  MeCP2 consensus: 36804 peaks

Shared config loaded.


================================================================================
SECTION 10_03: POLYCOMB TARGET ENRICHMENT IN DIFFERENTIAL mCH
================================================================================
Output directory: /expanse/lustre/projects/csd940/zalibhai/emseq-repo/results/sections/10_chromatin
FDR threshold:    0.050
K119ub top fraction: 0.100

STEP 1: Loading inputs
  Chromatin state table: 21,097 genes
  H2AK119ub gene signal: 23,150 rows, 23,150 unique symbols
  mCH results: 21,097 rows, 21,072 unique genes at FDR < 0.050 (1,399 hyper, 4,152 hypo)

STEP 2: Building the analysis universe and Polycomb definitions
  Analysis universe: 21,072 genes with both an mCH result and a chromatin state
    0 mCH genes have no chromatin state and are dropped
  Gene-body state counts:
    Active                6,555 (31.1%)
    Mixed                   519 (2.5%)
    Polycomb              3,322 (15.8%)
    Enhancer_Marked       5,470 (26.0%)
    Unmarked              5,206 (24.7%)
  Promoter state counts:
    Active_Promoter       6,178 (29.3%)
    Bivalent_Promoter       286 (1.4%)
    Repressed_Promoter    2,774 (13.2%)
    Unmarked_Promoter    11,834 (56.2%)
  Polycomb gene-body state: 3,322 genes (15.8%)
  Polycomb or Mixed gene-body state: 3,841 genes (18.2%)
  Repressed or Bivalent promoter state: 3,060 genes (14.5%)
  Gene body overlapping an H3K27me3 peak: 3,841 genes (18.2%)
  H2AK119ub signal matched for 18,543 of 21,072 genes
  Top 10% control signal cutoff = 2.5543, 1,855 genes flagged
  Wrote: 10_03_polycomb_definition_sizes.tsv (5 rows, 6 cols)
  Wrote: 10_03_polycomb_definition_overlap.tsv (10 rows, 8 cols)

STEP 3: Fisher exact tests through the shared registry
  Wrote: 10_03_body_polycomb_hyper_genes.tsv (21,072 rows, 4 cols)
  Wrote: 10_03_body_polycomb_hyper.tsv (1 rows, 12 cols)
  Fisher 10_03:body_polycomb_hyper: OR=1.309, p=0.000195 (n=21,072 genes) [registered]
  Wrote: 10_03_body_polycomb_hypo_genes.tsv (21,072 rows, 4 cols)
  Wrote: 10_03_body_polycomb_hypo.tsv (1 rows, 12 cols)
  Fisher 10_03:body_polycomb_hypo: OR=1.525, p=7.71e-21 (n=21,072 genes) [registered]
  Wrote: 10_03_body_polycomb_mixed_hyper_genes.tsv (21,072 rows, 4 cols)
  Wrote: 10_03_body_polycomb_mixed_hyper.tsv (1 rows, 12 cols)
  Fisher 10_03:body_polycomb_mixed_hyper: OR=1.678, p=3.14e-15 (n=21,072 genes) [registered]
  Wrote: 10_03_body_polycomb_mixed_hypo_genes.tsv (21,072 rows, 4 cols)
  Wrote: 10_03_body_polycomb_mixed_hypo.tsv (1 rows, 12 cols)
  Fisher 10_03:body_polycomb_mixed_hypo: OR=1.711, p=7.1e-37 (n=21,072 genes) [registered]
  Wrote: 10_03_repressed_bivalent_hyper_genes.tsv (21,072 rows, 4 cols)
  Wrote: 10_03_repressed_bivalent_hyper.tsv (1 rows, 12 cols)
  Fisher 10_03:repressed_bivalent_hyper: OR=1.513, p=1.11e-08 (n=21,072 genes) [registered]
  Wrote: 10_03_repressed_bivalent_hypo_genes.tsv (21,072 rows, 4 cols)
  Wrote: 10_03_repressed_bivalent_hypo.tsv (1 rows, 12 cols)
  Fisher 10_03:repressed_bivalent_hypo: OR=1.388, p=3.23e-12 (n=21,072 genes) [registered]
  Wrote: 10_03_k27me3_peak_hyper_genes.tsv (21,072 rows, 4 cols)
  Wrote: 10_03_k27me3_peak_hyper.tsv (1 rows, 12 cols)
  Fisher 10_03:k27me3_peak_hyper: OR=1.678, p=3.14e-15 (n=21,072 genes) [registered]
  Wrote: 10_03_k27me3_peak_hypo_genes.tsv (21,072 rows, 4 cols)
  Wrote: 10_03_k27me3_peak_hypo.tsv (1 rows, 12 cols)
  Fisher 10_03:k27me3_peak_hypo: OR=1.711, p=7.1e-37 (n=21,072 genes) [registered]
  Wrote: 10_03_k119ub_top_hyper_genes.tsv (18,543 rows, 4 cols)
  Wrote: 10_03_k119ub_top_hyper.tsv (1 rows, 12 cols)
  Fisher 10_03:k119ub_top_hyper: OR=0.511, p=2.51e-09 (n=18,543 genes) [registered]
  Wrote: 10_03_k119ub_top_hypo_genes.tsv (18,543 rows, 4 cols)
  Wrote: 10_03_k119ub_top_hypo.tsv (1 rows, 12 cols)
  Fisher 10_03:k119ub_top_hypo: OR=1.053, p=0.387 (n=18,543 genes) [registered]
  Wrote: 10_03_body_state_Active_hyper_genes.tsv (21,072 rows, 4 cols)
  Wrote: 10_03_body_state_Active_hyper.tsv (1 rows, 12 cols)
  Fisher 10_03:body_state_Active_hyper: OR=2.160, p=2.67e-42 (n=21,072 genes) [registered]
  Wrote: 10_03_body_state_Active_hypo_genes.tsv (21,072 rows, 4 cols)
  Wrote: 10_03_body_state_Active_hypo.tsv (1 rows, 12 cols)
  Fisher 10_03:body_state_Active_hypo: OR=1.734, p=4.08e-52 (n=21,072 genes) [registered]
  Wrote: 10_03_body_state_Mixed_hyper_genes.tsv (21,072 rows, 4 cols)
  Wrote: 10_03_body_state_Mixed_hyper.tsv (1 rows, 12 cols)
  Fisher 10_03:body_state_Mixed_hyper: OR=3.491, p=6.09e-22 (n=21,072 genes) [registered]
  Wrote: 10_03_body_state_Mixed_hypo_genes.tsv (21,072 rows, 4 cols)
  Wrote: 10_03_body_state_Mixed_hypo.tsv (1 rows, 12 cols)
  Fisher 10_03:body_state_Mixed_hypo: OR=2.460, p=2.57e-20 (n=21,072 genes) [registered]
  Wrote: 10_03_body_state_Polycomb_hyper_genes.tsv (21,072 rows, 4 cols)
  Wrote: 10_03_body_state_Polycomb_hyper.tsv (1 rows, 12 cols)
  Fisher 10_03:body_state_Polycomb_hyper: OR=1.309, p=0.000195 (n=21,072 genes) [registered]
  Wrote: 10_03_body_state_Polycomb_hypo_genes.tsv (21,072 rows, 4 cols)
  Wrote: 10_03_body_state_Polycomb_hypo.tsv (1 rows, 12 cols)
  Fisher 10_03:body_state_Polycomb_hypo: OR=1.525, p=7.71e-21 (n=21,072 genes) [registered]
  Wrote: 10_03_body_state_Enhancer_Marked_hyper_genes.tsv (21,072 rows, 4 cols)
  Wrote: 10_03_body_state_Enhancer_Marked_hyper.tsv (1 rows, 12 cols)
  Fisher 10_03:body_state_Enhancer_Marked_hyper: OR=0.653, p=3.06e-10 (n=21,072 genes) [registered]
  Wrote: 10_03_body_state_Enhancer_Marked_hypo_genes.tsv (21,072 rows, 4 cols)
  Wrote: 10_03_body_state_Enhancer_Marked_hypo.tsv (1 rows, 12 cols)
  Fisher 10_03:body_state_Enhancer_Marked_hypo: OR=0.988, p=0.767 (n=21,072 genes) [registered]
  Wrote: 10_03_body_state_Unmarked_hyper_genes.tsv (21,072 rows, 4 cols)
  Wrote: 10_03_body_state_Unmarked_hyper.tsv (1 rows, 12 cols)
  Fisher 10_03:body_state_Unmarked_hyper: OR=0.200, p=3.8e-75 (n=21,072 genes) [registered]
  Wrote: 10_03_body_state_Unmarked_hypo_genes.tsv (21,072 rows, 4 cols)
  Wrote: 10_03_body_state_Unmarked_hypo.tsv (1 rows, 12 cols)
  Fisher 10_03:body_state_Unmarked_hypo: OR=0.212, p=1.53e-206 (n=21,072 genes) [registered]
  Wrote: 10_03_promoter_state_Active_Promoter_hyper_genes.tsv (21,072 rows, 4 cols)
  Wrote: 10_03_promoter_state_Active_Promoter_hyper.tsv (1 rows, 12 cols)
  Fisher 10_03:promoter_state_Active_Promoter_hyper: OR=1.534, p=2.01e-13 (n=21,072 genes) [registered]
  Wrote: 10_03_promoter_state_Active_Promoter_hypo_genes.tsv (21,072 rows, 4 cols)
  Wrote: 10_03_promoter_state_Active_Promoter_hypo.tsv (1 rows, 12 cols)
  Fisher 10_03:promoter_state_Active_Promoter_hypo: OR=1.949, p=1.33e-74 (n=21,072 genes) [registered]
  Wrote: 10_03_promoter_state_Bivalent_Promoter_hyper_genes.tsv (21,072 rows, 4 cols)
  Wrote: 10_03_promoter_state_Bivalent_Promoter_hyper.tsv (1 rows, 12 cols)
  Fisher 10_03:promoter_state_Bivalent_Promoter_hyper: OR=2.901, p=2.49e-09 (n=21,072 genes) [registered]
  Wrote: 10_03_promoter_state_Bivalent_Promoter_hypo_genes.tsv (21,072 rows, 4 cols)
  Wrote: 10_03_promoter_state_Bivalent_Promoter_hypo.tsv (1 rows, 12 cols)
  Fisher 10_03:promoter_state_Bivalent_Promoter_hypo: OR=1.430, p=0.0107 (n=21,072 genes) [registered]
  Wrote: 10_03_promoter_state_Repressed_Promoter_hyper_genes.tsv (21,072 rows, 4 cols)
  Wrote: 10_03_promoter_state_Repressed_Promoter_hyper.tsv (1 rows, 12 cols)
  Fisher 10_03:promoter_state_Repressed_Promoter_hyper: OR=1.332, p=0.000193 (n=21,072 genes) [registered]
  Wrote: 10_03_promoter_state_Repressed_Promoter_hypo_genes.tsv (21,072 rows, 4 cols)
  Wrote: 10_03_promoter_state_Repressed_Promoter_hypo.tsv (1 rows, 12 cols)
  Fisher 10_03:promoter_state_Repressed_Promoter_hypo: OR=1.368, p=1.7e-10 (n=21,072 genes) [registered]
  Wrote: 10_03_promoter_state_Unmarked_Promoter_hyper_genes.tsv (21,072 rows, 4 cols)
  Wrote: 10_03_promoter_state_Unmarked_Promoter_hyper.tsv (1 rows, 12 cols)
  Fisher 10_03:promoter_state_Unmarked_Promoter_hyper: OR=0.540, p=1.54e-28 (n=21,072 genes) [registered]
  Wrote: 10_03_promoter_state_Unmarked_Promoter_hypo_genes.tsv (21,072 rows, 4 cols)
  Wrote: 10_03_promoter_state_Unmarked_Promoter_hypo.tsv (1 rows, 12 cols)
  Fisher 10_03:promoter_state_Unmarked_Promoter_hypo: OR=0.461, p=9.82e-109 (n=21,072 genes) [registered]
  Wrote: 10_03_polycomb_fisher_tests.tsv (28 rows, 24 cols)

STEP 4: Rate and magnitude tables
  Wrote: 10_03_significance_rate_by_definition.tsv (10 rows, 9 cols)
  Wrote: 10_03_chromatin_state_enrichment.tsv (9 rows, 21 cols)
  Wrote: 10_03_polycomb_magnitude_wilcoxon.tsv (15 rows, 13 cols)
  Wrote: 10_03_polycomb_gene_classification.tsv (21,072 rows, 26 cols)

STEP 5: Figures
  Saved: 10_03a_polycomb_mch_status_stacked_bar/{pdf,svg,png,jpg}
  Saved: 10_03b_polycomb_fisher_forest/{pdf,svg,png,jpg}
  Saved: 10_03c_chromatin_state_odds_ratios/{pdf,svg,png,jpg}
  Saved: 10_03d_chromatin_state_significance_rates/{pdf,svg,png,jpg}
  Saved: 10_03e_mch_magnitude_violin/{pdf,svg,png,jpg}
  Saved: 10_03f_mch_magnitude_by_definition/{pdf,svg,png,jpg}
  Saved: 10_03g_significance_rate_by_definition/{pdf,svg,png,jpg}
  Saved: 10_03h_composite_summary/{pdf,svg,png,jpg}

================================================================================
SECTION 10_03 SUMMARY
================================================================================
Universe: 21,072 genes with an mCH result and a chromatin state
mCH hypermethylated: 1,399 (6.64%) | hypomethylated: 4,152 (19.70%)

--- Polycomb definition sizes ---
  Polycomb body state              3,322 of  21,072 genes (15.8%), 0 untested
  Polycomb or Mixed body           3,841 of  21,072 genes (18.2%), 0 untested
  Repressed/Bivalent promoter      3,060 of  21,072 genes (14.5%), 0 untested
  H3K27me3 body overlap            3,841 of  21,072 genes (18.2%), 0 untested
  K119ub top 10%                   1,855 of  18,543 genes (10.0%), 2,529 untested

--- Polycomb definition tests ---
  Gene set                       Direction                OR             95% CI            p       q (BH)    Sig
  Polycomb body state            Hypermethylated       1.309    1.136-1.505         0.000195     0.000218    ***
  Polycomb body state            Hypomethylated        1.525    1.397-1.664         7.71e-21      1.8e-20    ***
  Polycomb or Mixed body         Hypermethylated       1.678    1.478-1.903         3.14e-15     5.85e-15    ***
  Polycomb or Mixed body         Hypomethylated        1.711    1.576-1.856          7.1e-37     2.48e-36    ***
  Repressed/Bivalent promoter    Hypermethylated       1.513    1.314-1.738         1.11e-08     1.41e-08    ***
  Repressed/Bivalent promoter    Hypomethylated        1.388    1.266-1.521         3.23e-12     5.32e-12    ***
  H3K27me3 body overlap          Hypermethylated       1.678    1.478-1.903         3.14e-15     5.85e-15    ***
  H3K27me3 body overlap          Hypomethylated        1.711    1.576-1.856          7.1e-37     2.48e-36    ***
  K119ub top 10%                 Hypermethylated       0.511    0.397-0.650         2.51e-09     3.35e-09    ***
  K119ub top 10%                 Hypomethylated        1.053    0.936-1.184            0.387        0.401     ns

--- Gene-body state tests ---
  Gene set                       Direction                OR             95% CI            p       q (BH)    Sig
  Active                         Hypermethylated       2.160    1.933-2.413         2.67e-42     1.24e-41    ***
  Active                         Hypomethylated        1.734    1.615-1.861         4.08e-52     2.28e-51    ***
  Mixed                          Hypermethylated       3.491    2.755-4.389         6.09e-22     1.71e-21    ***
  Mixed                          Hypomethylated        2.460    2.041-2.959         2.57e-20     5.54e-20    ***
  Polycomb                       Hypermethylated       1.309    1.136-1.505         0.000195     0.000218    ***
  Polycomb                       Hypomethylated        1.525    1.397-1.664         7.71e-21      1.8e-20    ***
  Enhancer_Marked                Hypermethylated       0.653    0.567-0.750         3.06e-10     4.51e-10    ***
  Enhancer_Marked                Hypomethylated        0.988    0.913-1.068            0.767        0.767     ns
  Unmarked                       Hypermethylated       0.200    0.160-0.248          3.8e-75     3.55e-74    ***
  Unmarked                       Hypomethylated        0.212    0.188-0.238        1.53e-206    4.28e-205    ***

--- Promoter state tests ---
  Gene set                       Direction                OR             95% CI            p       q (BH)    Sig
  Active_Promoter                Hypermethylated       1.534    1.369-1.719         2.01e-13     3.51e-13    ***
  Active_Promoter                Hypomethylated        1.949    1.815-2.093         1.33e-74     9.31e-74    ***
  Bivalent_Promoter              Hypermethylated       2.901    2.071-3.992         2.49e-09     3.35e-09    ***
  Bivalent_Promoter              Hypomethylated        1.430    1.080-1.876           0.0107       0.0116      *
  Repressed_Promoter             Hypermethylated       1.332    1.145-1.545         0.000193     0.000218    ***
  Repressed_Promoter             Hypomethylated        1.368    1.243-1.504          1.7e-10     2.64e-10    ***
  Unmarked_Promoter              Hypermethylated       0.540    0.483-0.603         1.54e-28      4.8e-28    ***
  Unmarked_Promoter              Hypomethylated        0.461    0.430-0.495        9.82e-109    1.37e-107    ***

--- Direction of effect at q < 0.05 ---
  Polycomb body state            Hypermethylated    OR = 1.309, q = 0.000218 -> enriched
  Polycomb body state            Hypomethylated     OR = 1.525, q = 1.8e-20 -> enriched
  Polycomb or Mixed body         Hypermethylated    OR = 1.678, q = 5.85e-15 -> enriched
  Polycomb or Mixed body         Hypomethylated     OR = 1.711, q = 2.48e-36 -> enriched
  Repressed/Bivalent promoter    Hypermethylated    OR = 1.513, q = 1.41e-08 -> enriched
  Repressed/Bivalent promoter    Hypomethylated     OR = 1.388, q = 5.32e-12 -> enriched
  H3K27me3 body overlap          Hypermethylated    OR = 1.678, q = 5.85e-15 -> enriched
  H3K27me3 body overlap          Hypomethylated     OR = 1.711, q = 2.48e-36 -> enriched
  K119ub top 10%                 Hypermethylated    OR = 0.511, q = 3.35e-09 -> depleted
  K119ub top 10%                 Hypomethylated     OR = 1.053, q = 0.401 -> no significant difference

--- |mCH difference| medians, Polycomb vs non-Polycomb ---
  Polycomb body state            All tested genes               poly 0.00145 (n=3,322) vs non-poly 0.00127 (n=17,750), p = 4.32e-10, q = 5.9e-10
  Polycomb body state            Hypermethylated (significant)  poly 0.00056 (n=271) vs non-poly 0.00110 (n=1,128), p = 1.89e-08, q = 2.37e-08
  Polycomb body state            Hypomethylated (significant)   poly 0.00221 (n=857) vs non-poly 0.00121 (n=3,295), p < 2.2e-16, q = 8.58e-36
  Polycomb or Mixed body         All tested genes               poly 0.00148 (n=3,841) vs non-poly 0.00125 (n=17,231), p < 2.2e-16, q = 1.05e-16
  Polycomb or Mixed body         Hypermethylated (significant)  poly 0.00072 (n=370) vs non-poly 0.00090 (n=1,029), p = 4.63e-04, q = 0.000497
  Polycomb or Mixed body         Hypomethylated (significant)   poly 0.00225 (n=1,049) vs non-poly 0.00117 (n=3,103), p < 2.2e-16, q = 9.12e-49
  Repressed/Bivalent promoter    All tested genes               poly 0.00153 (n=3,060) vs non-poly 0.00125 (n=18,012), p < 2.2e-16, q = 2.46e-20
  Repressed/Bivalent promoter    Hypermethylated (significant)  poly 0.00076 (n=279) vs non-poly 0.00080 (n=1,120), p = 2.73e-02, q = 0.0273
  Repressed/Bivalent promoter    Hypomethylated (significant)   poly 0.00232 (n=748) vs non-poly 0.00121 (n=3,404), p < 2.2e-16, q = 1.2e-38
  H3K27me3 body overlap          All tested genes               poly 0.00148 (n=3,841) vs non-poly 0.00125 (n=17,231), p < 2.2e-16, q = 1.05e-16
  H3K27me3 body overlap          Hypermethylated (significant)  poly 0.00072 (n=370) vs non-poly 0.00090 (n=1,029), p = 4.63e-04, q = 0.000497
  H3K27me3 body overlap          Hypomethylated (significant)   poly 0.00225 (n=1,049) vs non-poly 0.00117 (n=3,103), p < 2.2e-16, q = 9.12e-49
  K119ub top 10%                 All tested genes               poly 0.00292 (n=1,855) vs non-poly 0.00117 (n=16,688), p < 2.2e-16, q = 2.9e-208
  K119ub top 10%                 Hypermethylated (significant)  poly 0.00919 (n=74) vs non-poly 0.00067 (n=1,254), p < 2.2e-16, q = 5.34e-22
  K119ub top 10%                 Hypomethylated (significant)   poly 0.00523 (n=411) vs non-poly 0.00117 (n=3,550), p < 2.2e-16, q = 1.95e-146

Figures and tables written to: /expanse/lustre/projects/csd940/zalibhai/emseq-repo/results/sections/10_chromatin
Fisher tests registered in: /expanse/lustre/projects/csd940/zalibhai/emseq-repo/results/sections/fisher_registry
Section 10_03 complete.
There were 18 warnings (use warnings() to see them)

=========================================
Complete: section 10_03
Time: 43s
Exit code: 0
End time: Wed Aug 12 14:13:52 PDT 2026
=========================================
