=========================================
EM-seq: Gene-body mCA differential testing
=========================================
Job ID: 53105068
Node: exp-5-37
Start time: Sat Aug  8 19:25:50 PDT 2026
=========================================

TMPDIR=/expanse/lustre/projects/csd940/zalibhai/emseq/.scratch/53105068
Aggregated dir: /expanse/lustre/projects/csd940/zalibhai/emseq/results/ca_genebody/aggregated
Output dir:     /expanse/lustre/projects/csd940/zalibhai/emseq/results/ca_genebody
Plot dir:       /expanse/lustre/projects/csd940/zalibhai/emseq/results/ca_plots

=== mCH Gene-Body Differential Testing ===

data.table threads: 8 
Loading aggregated data:
  Loaded: ctrl_M1 ( 21846 genes )
  Loaded: ctrl_M2 ( 21846 genes )
  Loaded: ctrl_F1 ( 21846 genes )
  Loaded: ctrl_F2 ( 21846 genes )
  Loaded: mut_M1 ( 21846 genes )
  Loaded: mut_M2 ( 21846 genes )
  Loaded: mut_F1 ( 21846 genes )
  Loaded: mut_F2 ( 21846 genes )

Loading lambda rates:
   ctrl_M1=0.0106, ctrl_M2=0.0079, ctrl_F1=0.0079, ctrl_F2=0.0087, mut_M1=0.0065, mut_M2=0.0125, mut_F1=0.0092, mut_F2=0.0130 

Lambda rates merged into sample metadata
  ctrl mean: 0.0088 
  mut mean:  0.0103 

--- Gene filtering ---
Total genes: 21846 
Failed n_ch_sites >= 100 in all samples: 707 
Failed total_coverage >= 2500 in all samples: 770 
Passed both filters: 20369 

--- edgeR quasi-likelihood F-test ---
Design matrix columns: (Intercept), genotypemut, sexM, lambda_ch_rate 
Residual df: 4 
Estimating dispersions (robust=TRUE)...
Fitting QL model...
Testing genotype effect...

Significant genes:
  Bonferroni < 0.05: 2548
  FDR < 0.05: 8767
  FDR < 0.10: 10195

Results written to: /expanse/lustre/projects/csd940/zalibhai/emseq/results/ca_genebody/mch_differential_results.tsv ( 20369 genes )
Sample matrix written to: /expanse/lustre/projects/csd940/zalibhai/emseq/results/ca_genebody/mch_sample_matrix.tsv 

Generating plots...
QQ plot saved (lambda_GC = 8.457 )
BCV plot saved
  Common dispersion: 0.016965 
  Common BCV: 0.1303 
  Tagwise dispersion range: 0.000424 - 0.357365 
Summary written to: /expanse/lustre/projects/csd940/zalibhai/emseq/results/ca_genebody/mch_analysis_summary.txt 

=== Complete ===
There were 15 warnings (use warnings() to see them)

=========================================
Complete
Time: 10s
Exit code: 0
End time: Sat Aug  8 19:26:02 PDT 2026
=========================================
