=========================================
EM-seq section 10_04: subcompartment
=========================================
Job ID: 53378356
Node: exp-1-33
Start time: Wed Aug 12 13:40:30 PDT 2026
=========================================

TMPDIR=/expanse/lustre/projects/csd940/zalibhai/emseq/.scratch/53378356
Code dir:   /expanse/lustre/projects/csd940/zalibhai/emseq-repo
Data dir:   /expanse/lustre/projects/csd940/zalibhai/emseq
Script:     /expanse/lustre/projects/csd940/zalibhai/emseq-repo/scripts/sections/10_chromatin/10_04_subcompartment.R
Output dir: /expanse/lustre/projects/csd940/zalibhai/emseq-repo/results/sections/10_chromatin

================================================================================
EM-seq mCH SECTION PIPELINE — SHARED CONFIG
================================================================================
Environment: expanse
Code dir:    /expanse/lustre/projects/csd940/zalibhai/emseq-repo
Data dir:    /expanse/lustre/projects/csd940/zalibhai/emseq
Results root: /expanse/lustre/projects/csd940/zalibhai/emseq-repo/results/sections 

Loading mCH differential results...
  21,097 genes tested, 5,557 significant (1,402 hyper, 4,155 hypo) at FDR<0.05

Loading DiffBind results...
  H2AK119ub: 41295 peaks (17078 gained, 6304 lost at FDR<0.05)
  MeCP2: 36804 peaks (5675 gained, 1107 lost at FDR<0.05)
  ATAC: 75867 peaks (9263 gained, 4159 lost at FDR<0.05)
  H3K27ac: 25669 peaks (5077 gained, 6706 lost at FDR<0.05)
  H3K27me3: 18324 peaks (2293 gained, 4811 lost at FDR<0.05)

Loading consensus peak sets...
  K119ub consensus: 34088 peaks
  MeCP2 consensus: 36804 peaks

Shared config loaded.

================================================================================
SECTION 10_04: mCH CHANGE BY CALDER2 SUBCOMPARTMENT
================================================================================
Output directory: /expanse/lustre/projects/csd940/zalibhai/emseq-repo/results/sections/10_chromatin

Loading CALDER2 subcompartment labels...
  23,874 of 24,639 bins carry a control label
    A.1: 7,297 bins
    A.2: 3,359 bins
    B.1: 3,285 bins
    B.2: 9,933 bins
    label changed in mutant: 3,659 bins, stable: 20,215 bins

Assigning genes to subcompartments by gene midpoint...
  20,105 of 21,097 genes fall in a labelled 100 kb bin (95.3%)
  25 assigned gene bodies share a gene symbol with another row

Computing histone consensus peak overlap...
  H3K27me3: 15809 peaks
  H3K27ac: 15105 peaks
  Gene bodies overlapping H3K27me3: 3,689, H3K27ac: 6,784

Summarising genes per subcompartment...
    A.1: 10,933 genes, 3,280 significant (30.0%), 684 hyper, 2,596 hypo
    A.2: 3,083 genes, 914 significant (29.6%), 182 hyper, 732 hypo
    B.1: 1,926 genes, 550 significant (28.6%), 159 hyper, 391 hypo
    B.2: 4,163 genes, 647 significant (15.5%), 316 hyper, 331 hypo

Categorical tests...
  Chi-squared (subcompartment x mCH significance): X2 = 341.7, df = 3, p = < 2.2e-16
  Chi-squared (subcompartment x direction): X2 = 244.1, df = 3, p = < 2.2e-16

Gene-level Fisher tests...
  Wrote: 10_04_a_compartment_sig_genes.tsv (20,105 rows, 4 cols)
  Wrote: 10_04_a_compartment_sig.tsv (1 rows, 12 cols)
Error in as.character(function (x)  : 
  cannot coerce type 'closure' to vector of type 'character'
Calls: main ... register_subcompartment_fisher_tests -> register_fisher_test -> cat -> sprintf
Execution halted

=========================================
Complete: section 10_04
Time: 18s
Exit code: 1
End time: Wed Aug 12 13:40:51 PDT 2026
=========================================
