=========================================
EM-seq: Gene-body mCH aggregation
=========================================
Job ID: 53095760_7
Node: exp-4-06
Start time: Fri Aug  7 17:49:35 PDT 2026
=========================================

TMPDIR=/expanse/lustre/projects/csd940/zalibhai/emseq/.scratch/53095760_7
Sample:   mut_F2
CH file:  /expanse/lustre/projects/csd940/zalibhai/emseq/combined_ch/mut_F2_CH.methylKit.gz
Gene BED: /expanse/lustre/projects/csd940/zalibhai/emseq/references/gene_bodies.protein_coding.bed
Output:   /expanse/lustre/projects/csd940/zalibhai/emseq/results/genebody/aggregated

Sample: mut_F2 
data.table threads: 32 

Gene bodies loaded: 21846 genes

Reading: /expanse/lustre/projects/csd940/zalibhai/emseq/combined_ch/mut_F2_CH.methylKit.gz 
  Total sites: 981,846,125

Lambda spike-in:
  Lambda CH rate: 0.0181 (1.81%)
  Lambda sites: 17951, total coverage: 309014
  Saved: /expanse/lustre/projects/csd940/zalibhai/emseq/results/genebody/aggregated/mut_F2_lambda.tsv 

Canonical chr sites: 981,076,575
Building GRanges...
Finding overlaps...
  Overlapping pairs: 428,944,431
Aggregating per gene...

Wrote 21846 genes to: /expanse/lustre/projects/csd940/zalibhai/emseq/results/genebody/aggregated/mut_F2_genebody_mch.tsv 

--- Summary ---
Genes with CH sites: 21509 / 21846 
Median CH sites/gene: 7493 
Median total coverage/gene: 115213 
Gene-body mCH rate: 0.0239 (2.39%)
Lambda CH rate: 0.0181 (1.81%)

=========================================
Complete: mut_F2
Time: 681s
Exit code: 0
End time: Fri Aug  7 18:00:58 PDT 2026
=========================================
