=========================================
EM-seq: Gene-body mCH aggregation
=========================================
Job ID: 53095760_3
Node: exp-3-33
Start time: Fri Aug  7 17:40:09 PDT 2026
=========================================

TMPDIR=/expanse/lustre/projects/csd940/zalibhai/emseq/.scratch/53095760_3
Sample:   mut_F1
CH file:  /expanse/lustre/projects/csd940/zalibhai/emseq/combined_ch/mut_F1_CH.methylKit.gz
Gene BED: /expanse/lustre/projects/csd940/zalibhai/emseq/references/gene_bodies.protein_coding.bed
Output:   /expanse/lustre/projects/csd940/zalibhai/emseq/results/genebody/aggregated

Sample: mut_F1 
data.table threads: 32 

Gene bodies loaded: 21846 genes

Reading: /expanse/lustre/projects/csd940/zalibhai/emseq/combined_ch/mut_F1_CH.methylKit.gz 
  Total sites: 989,538,971

Lambda spike-in:
  Lambda CH rate: 0.0118 (1.18%)
  Lambda sites: 17951, total coverage: 820515
  Saved: /expanse/lustre/projects/csd940/zalibhai/emseq/results/genebody/aggregated/mut_F1_lambda.tsv 

Canonical chr sites: 988,717,869
Building GRanges...
Finding overlaps...
  Overlapping pairs: 431,099,253
Aggregating per gene...

Wrote 21846 genes to: /expanse/lustre/projects/csd940/zalibhai/emseq/results/genebody/aggregated/mut_F1_genebody_mch.tsv 

--- Summary ---
Genes with CH sites: 21528 / 21846 
Median CH sites/gene: 7525 
Median total coverage/gene: 255091 
Gene-body mCH rate: 0.0194 (1.94%)
Lambda CH rate: 0.0118 (1.18%)

=========================================
Complete: mut_F1
Time: 481s
Exit code: 0
End time: Fri Aug  7 17:48:12 PDT 2026
=========================================
