=========================================
EM-seq: Gene-body mCH aggregation
=========================================
Job ID: 53095760_2
Node: exp-4-06
Start time: Fri Aug  7 17:35:58 PDT 2026
=========================================

TMPDIR=/expanse/lustre/projects/csd940/zalibhai/emseq/.scratch/53095760_2
Sample:   ctrl_F1
CH file:  /expanse/lustre/projects/csd940/zalibhai/emseq/combined_ch/ctrl_F1_CH.methylKit.gz
Gene BED: /expanse/lustre/projects/csd940/zalibhai/emseq/references/gene_bodies.protein_coding.bed
Output:   /expanse/lustre/projects/csd940/zalibhai/emseq/results/genebody/aggregated

Sample: ctrl_F1 
data.table threads: 32 

Gene bodies loaded: 21846 genes

Reading: /expanse/lustre/projects/csd940/zalibhai/emseq/combined_ch/ctrl_F1_CH.methylKit.gz 
  Total sites: 984,900,333

Lambda spike-in:
  Lambda CH rate: 0.0102 (1.02%)
  Lambda sites: 17951, total coverage: 475552
  Saved: /expanse/lustre/projects/csd940/zalibhai/emseq/results/genebody/aggregated/ctrl_F1_lambda.tsv 

Canonical chr sites: 984,105,132
Building GRanges...
Finding overlaps...
  Overlapping pairs: 429,646,116
Aggregating per gene...

Wrote 21846 genes to: /expanse/lustre/projects/csd940/zalibhai/emseq/results/genebody/aggregated/ctrl_F1_genebody_mch.tsv 

--- Summary ---
Genes with CH sites: 21522 / 21846 
Median CH sites/gene: 7502 
Median total coverage/gene: 127512 
Gene-body mCH rate: 0.0190 (1.90%)
Lambda CH rate: 0.0102 (1.02%)

=========================================
Complete: ctrl_F1
Time: 748s
Exit code: 0
End time: Fri Aug  7 17:48:31 PDT 2026
=========================================
