=========================================
EM-seq: Sub-gene feature mCH aggregation
=========================================
Job ID: 53379006_4
Node: exp-9-36
Start time: Wed Aug 12 14:11:03 PDT 2026
=========================================

TMPDIR=/expanse/lustre/projects/csd940/zalibhai/emseq/.scratch/53379006_4
Sample:      ctrl_M2
CH file:     /expanse/lustre/projects/csd940/zalibhai/emseq/combined_ch/ctrl_M2_CH.methylKit.gz
Feature dir: /expanse/lustre/projects/csd940/zalibhai/emseq-repo/data/features
Output:      /expanse/lustre/projects/csd940/zalibhai/emseq-repo/results/02b_features

Sample: ctrl_M2 
data.table threads: 64 

Loading feature intervals from: /expanse/lustre/projects/csd940/zalibhai/emseq-repo/data/features 
  5UTR                   46,033 intervals
  Exon                  226,407 intervals
  SpliceSite_Donor      204,583 intervals
  SpliceSite_Acceptor   204,578 intervals
  Intron                204,586 intervals
  3UTR                   52,898 intervals
  Total: 939,085 intervals across 21,820 genes

Reading: /expanse/lustre/projects/csd940/zalibhai/emseq/combined_ch/ctrl_M2_CH.methylKit.gz 
  Total sites: 988,794,772
  Canonical chr sites: 988,005,369
Building GRanges...
Finding overlaps...
  Overlapping pairs: 451,879,444
Aggregating per interval...

Wrote 939,085 intervals to: /expanse/lustre/projects/csd940/zalibhai/emseq-repo/results/02b_features/ctrl_M2_feature_mch.tsv 

--- Summary by feature type ---
  5UTR                   46,033 intervals    45,174 with sites     3,497,635 CH sites  mCH 0.0168 (1.68%)
  Exon                  226,407 intervals   224,068 with sites    41,641,956 CH sites  mCH 0.0157 (1.57%)
  SpliceSite_Donor      204,583 intervals   202,350 with sites     1,856,522 CH sites  mCH 0.0165 (1.65%)
  SpliceSite_Acceptor   204,578 intervals   202,307 with sites     1,879,990 CH sites  mCH 0.0151 (1.51%)
  Intron                204,586 intervals   203,364 with sites   387,479,269 CH sites  mCH 0.0198 (1.98%)
  3UTR                   52,898 intervals    52,019 with sites    15,524,072 CH sites  mCH 0.0158 (1.58%)

=========================================
Complete: ctrl_M2
Time: 604s
Exit code: 0
End time: Wed Aug 12 14:21:10 PDT 2026
=========================================
