=========================================
EM-seq: Sub-gene feature mCH aggregation
=========================================
Job ID: 53379006_2
Node: exp-3-24
Start time: Wed Aug 12 14:12:30 PDT 2026
=========================================

TMPDIR=/expanse/lustre/projects/csd940/zalibhai/emseq/.scratch/53379006_2
Sample:      ctrl_F1
CH file:     /expanse/lustre/projects/csd940/zalibhai/emseq/combined_ch/ctrl_F1_CH.methylKit.gz
Feature dir: /expanse/lustre/projects/csd940/zalibhai/emseq-repo/data/features
Output:      /expanse/lustre/projects/csd940/zalibhai/emseq-repo/results/02b_features

Sample: ctrl_F1 
data.table threads: 64 

Loading feature intervals from: /expanse/lustre/projects/csd940/zalibhai/emseq-repo/data/features 
  5UTR                   46,033 intervals
  Exon                  226,407 intervals
  SpliceSite_Donor      204,583 intervals
  SpliceSite_Acceptor   204,578 intervals
  Intron                204,586 intervals
  3UTR                   52,898 intervals
  Total: 939,085 intervals across 21,820 genes

Reading: /expanse/lustre/projects/csd940/zalibhai/emseq/combined_ch/ctrl_F1_CH.methylKit.gz 
  Total sites: 984,900,333
  Canonical chr sites: 984,105,132
Building GRanges...
Finding overlaps...
  Overlapping pairs: 452,044,113
Aggregating per interval...

Wrote 939,085 intervals to: /expanse/lustre/projects/csd940/zalibhai/emseq-repo/results/02b_features/ctrl_F1_feature_mch.tsv 

--- Summary by feature type ---
  5UTR                   46,033 intervals    45,039 with sites     3,509,158 CH sites  mCH 0.0166 (1.66%)
  Exon                  226,407 intervals   223,647 with sites    41,650,736 CH sites  mCH 0.0154 (1.54%)
  SpliceSite_Donor      204,583 intervals   202,012 with sites     1,856,103 CH sites  mCH 0.0161 (1.61%)
  SpliceSite_Acceptor   204,578 intervals   202,002 with sites     1,879,328 CH sites  mCH 0.0147 (1.47%)
  Intron                204,586 intervals   202,756 with sites   387,625,436 CH sites  mCH 0.0194 (1.94%)
  3UTR                   52,898 intervals    51,916 with sites    15,523,352 CH sites  mCH 0.0155 (1.55%)

=========================================
Complete: ctrl_F1
Time: 562s
Exit code: 0
End time: Wed Aug 12 14:21:55 PDT 2026
=========================================
