=========================================
EM-seq: Sub-gene feature mCH aggregation
=========================================
Job ID: 53379006_3
Node: exp-9-35
Start time: Wed Aug 12 14:11:03 PDT 2026
=========================================

TMPDIR=/expanse/lustre/projects/csd940/zalibhai/emseq/.scratch/53379006_3
Sample:      mut_F1
CH file:     /expanse/lustre/projects/csd940/zalibhai/emseq/combined_ch/mut_F1_CH.methylKit.gz
Feature dir: /expanse/lustre/projects/csd940/zalibhai/emseq-repo/data/features
Output:      /expanse/lustre/projects/csd940/zalibhai/emseq-repo/results/02b_features

Sample: mut_F1 
data.table threads: 64 

Loading feature intervals from: /expanse/lustre/projects/csd940/zalibhai/emseq-repo/data/features 
  5UTR                   46,033 intervals
  Exon                  226,407 intervals
  SpliceSite_Donor      204,583 intervals
  SpliceSite_Acceptor   204,578 intervals
  Intron                204,586 intervals
  3UTR                   52,898 intervals
  Total: 939,085 intervals across 21,820 genes

Reading: /expanse/lustre/projects/csd940/zalibhai/emseq/combined_ch/mut_F1_CH.methylKit.gz 
  Total sites: 989,538,971
  Canonical chr sites: 988,717,869
Building GRanges...
Finding overlaps...
  Overlapping pairs: 453,537,488
Aggregating per interval...

Wrote 939,085 intervals to: /expanse/lustre/projects/csd940/zalibhai/emseq-repo/results/02b_features/mut_F1_feature_mch.tsv 

--- Summary by feature type ---
  5UTR                   46,033 intervals    45,069 with sites     3,522,337 CH sites  mCH 0.0171 (1.71%)
  Exon                  226,407 intervals   223,703 with sites    41,718,482 CH sites  mCH 0.0156 (1.56%)
  SpliceSite_Donor      204,583 intervals   202,078 with sites     1,858,569 CH sites  mCH 0.0161 (1.61%)
  SpliceSite_Acceptor   204,578 intervals   202,067 with sites     1,881,216 CH sites  mCH 0.0148 (1.48%)
  Intron                204,586 intervals   202,758 with sites   389,009,586 CH sites  mCH 0.0198 (1.98%)
  3UTR                   52,898 intervals    51,921 with sites    15,547,298 CH sites  mCH 0.0157 (1.57%)

=========================================
Complete: mut_F1
Time: 581s
Exit code: 0
End time: Wed Aug 12 14:20:47 PDT 2026
=========================================
