=========================================
EM-seq: Sub-gene feature mCH aggregation
=========================================
Job ID: 53379006_7
Node: exp-4-26
Start time: Wed Aug 12 14:16:29 PDT 2026
=========================================

TMPDIR=/expanse/lustre/projects/csd940/zalibhai/emseq/.scratch/53379006_7
Sample:      mut_F2
CH file:     /expanse/lustre/projects/csd940/zalibhai/emseq/combined_ch/mut_F2_CH.methylKit.gz
Feature dir: /expanse/lustre/projects/csd940/zalibhai/emseq-repo/data/features
Output:      /expanse/lustre/projects/csd940/zalibhai/emseq-repo/results/02b_features

Sample: mut_F2 
data.table threads: 64 

Loading feature intervals from: /expanse/lustre/projects/csd940/zalibhai/emseq-repo/data/features 
  5UTR                   46,033 intervals
  Exon                  226,407 intervals
  SpliceSite_Donor      204,583 intervals
  SpliceSite_Acceptor   204,578 intervals
  Intron                204,586 intervals
  3UTR                   52,898 intervals
  Total: 939,085 intervals across 21,820 genes

Reading: /expanse/lustre/projects/csd940/zalibhai/emseq/combined_ch/mut_F2_CH.methylKit.gz 
  Total sites: 981,846,125
  Canonical chr sites: 981,076,575
Building GRanges...
Finding overlaps...
  Overlapping pairs: 451,324,609
Aggregating per interval...

Wrote 939,085 intervals to: /expanse/lustre/projects/csd940/zalibhai/emseq-repo/results/02b_features/mut_F2_feature_mch.tsv 

--- Summary by feature type ---
  5UTR                   46,033 intervals    45,022 with sites     3,508,223 CH sites  mCH 0.0221 (2.21%)
  Exon                  226,407 intervals   223,571 with sites    41,611,763 CH sites  mCH 0.0200 (2.00%)
  SpliceSite_Donor      204,583 intervals   201,907 with sites     1,854,988 CH sites  mCH 0.0208 (2.08%)
  SpliceSite_Acceptor   204,578 intervals   201,888 with sites     1,877,980 CH sites  mCH 0.0189 (1.89%)
  Intron                204,586 intervals   202,699 with sites   386,963,053 CH sites  mCH 0.0243 (2.43%)
  3UTR                   52,898 intervals    51,897 with sites    15,508,602 CH sites  mCH 0.0201 (2.01%)

=========================================
Complete: mut_F2
Time: 534s
Exit code: 0
End time: Wed Aug 12 14:25:26 PDT 2026
=========================================
